# Project-owned TikTok routing manifest. Keep shared CDN providers out; only
# TikTok and the ByteDance application infrastructure it directly uses belong
# here. Changes are reviewed and released with the package.
byteoversea.com
ibytedtos.com
ibyteimg.com
muscdn.com
musical.ly
p16-tiktokcdn-com.akamaized.net
tik-tokapi.com
tiktok-minis.com
tiktok-row.net
tiktok.com
tiktokcdn-eu.com
tiktokcdn-us.com
tiktokcdn.com
tiktokd.net
tiktokd.org
tiktokeu-cdn.com
tiktokglobalshopv.com
tiktokminis.us
tiktokrow-cdn.com
tiktokv.com
tiktokv.eu
tiktokv.us
tiktokw.eu
tiktokw.us
ttcdn-us.com
ttlivecdn.com
ttoverseaus.net
ttwstatic.com
